Archive member included to satisfy reference by file (symbol)

/opt/gcc-arm-none-eabi/bin/../lib/gcc/arm-none-eabi/5.2.1/../../../../arm-none-eabi/lib/armv7e-m/libg_nano.a(lib_a-exit.o)
                              /opt/gcc-arm-none-eabi/bin/../lib/gcc/arm-none-eabi/5.2.1/../../../../arm-none-eabi/lib/armv7e-m/crt0.o (exit)
/opt/gcc-arm-none-eabi/bin/../lib/gcc/arm-none-eabi/5.2.1/../../../../arm-none-eabi/lib/armv7e-m/libg_nano.a(lib_a-impure.o)
                              /opt/gcc-arm-none-eabi/bin/../lib/gcc/arm-none-eabi/5.2.1/../../../../arm-none-eabi/lib/armv7e-m/libg_nano.a(lib_a-exit.o) (_global_impure_ptr)
/opt/gcc-arm-none-eabi/bin/../lib/gcc/arm-none-eabi/5.2.1/../../../../arm-none-eabi/lib/armv7e-m/libg_nano.a(lib_a-init.o)
                              /opt/gcc-arm-none-eabi/bin/../lib/gcc/arm-none-eabi/5.2.1/../../../../arm-none-eabi/lib/armv7e-m/crt0.o (__libc_init_array)
/opt/gcc-arm-none-eabi/bin/../lib/gcc/arm-none-eabi/5.2.1/../../../../arm-none-eabi/lib/armv7e-m/libg_nano.a(lib_a-memset.o)
                              /opt/gcc-arm-none-eabi/bin/../lib/gcc/arm-none-eabi/5.2.1/../../../../arm-none-eabi/lib/armv7e-m/crt0.o (memset)
/opt/gcc-arm-none-eabi/bin/../lib/gcc/arm-none-eabi/5.2.1/../../../../arm-none-eabi/lib/armv7e-m/libnosys.a(_exit.o)
                              /opt/gcc-arm-none-eabi/bin/../lib/gcc/arm-none-eabi/5.2.1/../../../../arm-none-eabi/lib/armv7e-m/libg_nano.a(lib_a-exit.o) (_exit)

Allocating common symbols
Common symbol       size              file

hopamp2             0x34              ./Src/opamp.o
hdma_adc4           0x38              ./Src/adc.o
pFlash              0x20              ./Drivers/STM32F3xx_HAL_Driver/Src/stm32f3xx_hal_flash.o
hopamp3             0x34              ./Src/opamp.o
htim3               0x3c              ./Src/tim.o
hopamp1             0x34              ./Src/opamp.o
hdma_usart1_tx      0x38              ./Src/usart.o
hadc1               0x54              ./Src/adc.o
huart1              0x70              ./Src/usart.o
hdma_adc1           0x38              ./Src/adc.o
hspi1               0x64              ./Src/spi.o
hadc4               0x54              ./Src/adc.o
hopamp4             0x34              ./Src/opamp.o

Discarded input sections

 .text          0x0000000000000000        0x0 /opt/gcc-arm-none-eabi/bin/../lib/gcc/arm-none-eabi/5.2.1/armv7e-m/crti.o
 .data          0x0000000000000000        0x0 /opt/gcc-arm-none-eabi/bin/../lib/gcc/arm-none-eabi/5.2.1/armv7e-m/crti.o
 .bss           0x0000000000000000        0x0 /opt/gcc-arm-none-eabi/bin/../lib/gcc/arm-none-eabi/5.2.1/armv7e-m/crti.o
 .data          0x0000000000000000        0x4 /opt/gcc-arm-none-eabi/bin/../lib/gcc/arm-none-eabi/5.2.1/armv7e-m/crtbegin.o
 .text          0x0000000000000000       0x74 /opt/gcc-arm-none-eabi/bin/../lib/gcc/arm-none-eabi/5.2.1/../../../../arm-none-eabi/lib/armv7e-m/crt0.o
 .data          0x0000000000000000        0x0 /opt/gcc-arm-none-eabi/bin/../lib/gcc/arm-none-eabi/5.2.1/../../../../arm-none-eabi/lib/armv7e-m/crt0.o
 .bss           0x0000000000000000        0x0 /opt/gcc-arm-none-eabi/bin/../lib/gcc/arm-none-eabi/5.2.1/../../../../arm-none-eabi/lib/armv7e-m/crt0.o
 .ARM.extab     0x0000000000000000        0x0 /opt/gcc-arm-none-eabi/bin/../lib/gcc/arm-none-eabi/5.2.1/../../../../arm-none-eabi/lib/armv7e-m/crt0.o
 .ARM.exidx     0x0000000000000000        0x8 /opt/gcc-arm-none-eabi/bin/../lib/gcc/arm-none-eabi/5.2.1/../../../../arm-none-eabi/lib/armv7e-m/crt0.o
 .ARM.attributes
                0x0000000000000000       0x1c /opt/gcc-arm-none-eabi/bin/../lib/gcc/arm-none-eabi/5.2.1/../../../../arm-none-eabi/lib/armv7e-m/crt0.o
 .group         0x0000000000000000        0x8 ./Src/adc.o
 .group         0x0000000000000000        0x8 ./Src/adc.o
 .group         0x0000000000000000        0x8 ./Src/adc.o
 .group         0x0000000000000000        0x8 ./Src/adc.o
 .group         0x0000000000000000        0x8 ./Src/adc.o
 .group         0x0000000000000000        0x8 ./Src/adc.o
 .group         0x0000000000000000        0x8 ./Src/adc.o
 .group         0x0000000000000000        0x8 ./Src/adc.o
 .group         0x0000000000000000        0x8 ./Src/adc.o
 .group         0x0000000000000000        0x8 ./Src/adc.o
 .group         0x0000000000000000        0x8 ./Src/adc.o
 .group         0x0000000000000000        0x8 ./Src/adc.o
 .group         0x0000000000000000        0x8 ./Src/adc.o
 .group         0x0000000000000000        0x8 ./Src/adc.o
 .group         0x0000000000000000        0x8 ./Src/adc.o
 .group         0x0000000000000000        0x8 ./Src/adc.o
 .group         0x0000000000000000        0x8 ./Src/adc.o
 .group         0x0000000000000000        0x8 ./Src/adc.o
 .group         0x0000000000000000        0x8 ./Src/adc.o
 .group         0x0000000000000000        0x8 ./Src/adc.o
 .group         0x0000000000000000        0x8 ./Src/adc.o
 .group         0x0000000000000000        0x8 ./Src/adc.o
 .group         0x0000000000000000        0x8 ./Src/adc.o
[...]
Memory Configuration

Name             Origin             Length             Attributes
FLASH            0x0000000008000000 0x0000000000040000 xr
RAM              0x0000000020000000 0x000000000000a000 xrw
CCMRAM           0x0000000010000000 0x0000000000002000 rw
*default*        0x0000000000000000 0xffffffffffffffff

Linker script and memory map

LOAD /opt/gcc-arm-none-eabi/bin/../lib/gcc/arm-none-eabi/5.2.1/armv7e-m/crti.o
LOAD /opt/gcc-arm-none-eabi/bin/../lib/gcc/arm-none-eabi/5.2.1/armv7e-m/crtbegin.o
LOAD /opt/gcc-arm-none-eabi/bin/../lib/gcc/arm-none-eabi/5.2.1/../../../../arm-none-eabi/lib/armv7e-m/crt0.o
LOAD ./Src/adc.o
LOAD ./Src/dma.o
LOAD ./Src/gpio.o
LOAD ./Src/main.o
LOAD ./Src/me_tabs.o
LOAD ./Src/opamp.o
LOAD ./Src/spi.o
LOAD ./Src/startup_stm32f303xc.o
LOAD ./Src/stm32f3xx_hal_msp.o
LOAD ./Src/stm32f3xx_it.o
LOAD ./Src/system_stm32f3xx.o
LOAD ./Src/tim.o
LOAD ./Src/usart.o
LOAD ./Drivers/STM32F3xx_HAL_Driver/Src/stm32f3xx_hal.o
LOAD ./Drivers/STM32F3xx_HAL_Driver/Src/stm32f3xx_hal_adc.o
LOAD ./Drivers/STM32F3xx_HAL_Driver/Src/stm32f3xx_hal_adc_ex.o
LOAD ./Drivers/STM32F3xx_HAL_Driver/Src/stm32f3xx_hal_can.o
LOAD ./Drivers/STM32F3xx_HAL_Driver/Src/stm32f3xx_hal_cec.o
LOAD ./Drivers/STM32F3xx_HAL_Driver/Src/stm32f3xx_hal_comp.o
LOAD ./Drivers/STM32F3xx_HAL_Driver/Src/stm32f3xx_hal_cortex.o
LOAD ./Drivers/STM32F3xx_HAL_Driver/Src/stm32f3xx_hal_crc.o
LOAD ./Drivers/STM32F3xx_HAL_Driver/Src/stm32f3xx_hal_crc_ex.o
LOAD ./Drivers/STM32F3xx_HAL_Driver/Src/stm32f3xx_hal_dac.o
LOAD ./Drivers/STM32F3xx_HAL_Driver/Src/stm32f3xx_hal_dac_ex.o
LOAD ./Drivers/STM32F3xx_HAL_Driver/Src/stm32f3xx_hal_dma.o
LOAD ./Drivers/STM32F3xx_HAL_Driver/Src/stm32f3xx_hal_flash.o
LOAD ./Drivers/STM32F3xx_HAL_Driver/Src/stm32f3xx_hal_flash_ex.o
LOAD ./Drivers/STM32F3xx_HAL_Driver/Src/stm32f3xx_hal_gpio.o
LOAD ./Drivers/STM32F3xx_HAL_Driver/Src/stm32f3xx_hal_hrtim.o
LOAD ./Drivers/STM32F3xx_HAL_Driver/Src/stm32f3xx_hal_i2c.o
LOAD ./Drivers/STM32F3xx_HAL_Driver/Src/stm32f3xx_hal_i2c_ex.o
LOAD ./Drivers/STM32F3xx_HAL_Driver/Src/stm32f3xx_hal_i2s.o
LOAD ./Drivers/STM32F3xx_HAL_Driver/Src/stm32f3xx_hal_i2s_ex.o
LOAD ./Drivers/STM32F3xx_HAL_Driver/Src/stm32f3xx_hal_irda.o
LOAD ./Drivers/STM32F3xx_HAL_Driver/Src/stm32f3xx_hal_iwdg.o
LOAD ./Drivers/STM32F3xx_HAL_Driver/Src/stm32f3xx_hal_nand.o
LOAD ./Drivers/STM32F3xx_HAL_Driver/Src/stm32f3xx_hal_nor.o
LOAD ./Drivers/STM32F3xx_HAL_Driver/Src/stm32f3xx_hal_opamp.o
LOAD ./Drivers/STM32F3xx_HAL_Driver/Src/stm32f3xx_hal_opamp_ex.o
LOAD ./Drivers/STM32F3xx_HAL_Driver/Src/stm32f3xx_hal_pccard.o
LOAD ./Drivers/STM32F3xx_HAL_Driver/Src/stm32f3xx_hal_pcd.o
LOAD ./Drivers/STM32F3xx_HAL_Driver/Src/stm32f3xx_hal_pcd_ex.o
LOAD ./Drivers/STM32F3xx_HAL_Driver/Src/stm32f3xx_hal_pwr.o
LOAD ./Drivers/STM32F3xx_HAL_Driver/Src/stm32f3xx_hal_pwr_ex.o
LOAD ./Drivers/STM32F3xx_HAL_Driver/Src/stm32f3xx_hal_rcc.o
LOAD ./Drivers/STM32F3xx_HAL_Driver/Src/stm32f3xx_hal_rcc_ex.o
LOAD ./Drivers/STM32F3xx_HAL_Driver/Src/stm32f3xx_hal_rtc.o
LOAD ./Drivers/STM32F3xx_HAL_Driver/Src/stm32f3xx_hal_rtc_ex.o
LOAD ./Drivers/STM32F3xx_HAL_Driver/Src/stm32f3xx_hal_sdadc.o
LOAD ./Drivers/STM32F3xx_HAL_Driver/Src/stm32f3xx_hal_smartcard.o
LOAD ./Drivers/STM32F3xx_HAL_Driver/Src/stm32f3xx_hal_smartcard_ex.o
LOAD ./Drivers/STM32F3xx_HAL_Driver/Src/stm32f3xx_hal_smbus.o
LOAD ./Drivers/STM32F3xx_HAL_Driver/Src/stm32f3xx_hal_spi.o
LOAD ./Drivers/STM32F3xx_HAL_Driver/Src/stm32f3xx_hal_spi_ex.o
LOAD ./Drivers/STM32F3xx_HAL_Driver/Src/stm32f3xx_hal_sram.o
LOAD ./Drivers/STM32F3xx_HAL_Driver/Src/stm32f3xx_hal_tim.o
LOAD ./Drivers/STM32F3xx_HAL_Driver/Src/stm32f3xx_hal_tim_ex.o
LOAD ./Drivers/STM32F3xx_HAL_Driver/Src/stm32f3xx_hal_tsc.o
LOAD ./Drivers/STM32F3xx_HAL_Driver/Src/stm32f3xx_hal_uart.o
LOAD ./Drivers/STM32F3xx_HAL_Driver/Src/stm32f3xx_hal_uart_ex.o
LOAD ./Drivers/STM32F3xx_HAL_Driver/Src/stm32f3xx_hal_usart.o
LOAD ./Drivers/STM32F3xx_HAL_Driver/Src/stm32f3xx_hal_wwdg.o
LOAD ./Drivers/STM32F3xx_HAL_Driver/Src/stm32f3xx_ll_fmc.o
START GROUP
LOAD /opt/gcc-arm-none-eabi/bin/../lib/gcc/arm-none-eabi/5.2.1/armv7e-m/libgcc.a
LOAD /opt/gcc-arm-none-eabi/bin/../lib/gcc/arm-none-eabi/5.2.1/../../../../arm-none-eabi/lib/armv7e-m/libg_nano.a
LOAD /opt/gcc-arm-none-eabi/bin/../lib/gcc/arm-none-eabi/5.2.1/../../../../arm-none-eabi/lib/armv7e-m/libc_nano.a
END GROUP
START GROUP
LOAD /opt/gcc-arm-none-eabi/bin/../lib/gcc/arm-none-eabi/5.2.1/armv7e-m/libgcc.a
LOAD /opt/gcc-arm-none-eabi/bin/../lib/gcc/arm-none-eabi/5.2.1/../../../../arm-none-eabi/lib/armv7e-m/libc_nano.a
LOAD /opt/gcc-arm-none-eabi/bin/../lib/gcc/arm-none-eabi/5.2.1/../../../../arm-none-eabi/lib/armv7e-m/libnosys.a
END GROUP
START GROUP
LOAD /opt/gcc-arm-none-eabi/bin/../lib/gcc/arm-none-eabi/5.2.1/armv7e-m/libgcc.a
LOAD /opt/gcc-arm-none-eabi/bin/../lib/gcc/arm-none-eabi/5.2.1/../../../../arm-none-eabi/lib/armv7e-m/libc_nano.a
LOAD /opt/gcc-arm-none-eabi/bin/../lib/gcc/arm-none-eabi/5.2.1/../../../../arm-none-eabi/lib/armv7e-m/libnosys.a
END GROUP
LOAD /opt/gcc-arm-none-eabi/bin/../lib/gcc/arm-none-eabi/5.2.1/armv7e-m/crtend.o
LOAD /opt/gcc-arm-none-eabi/bin/../lib/gcc/arm-none-eabi/5.2.1/armv7e-m/crtn.o
                0x000000002000a000                _estack = 0x2000a000
                0x0000000000000400                _Min_Heap_Size = 0x400
                0x0000000000000200                _Min_Stack_Size = 0x200

.isr_vector     0x0000000008000000      0x188
                0x0000000008000000                . = ALIGN (0x4)
 *(.isr_vector)
 .isr_vector    0x0000000008000000      0x188 ./Src/startup_stm32f303xc.o
                0x0000000008000000                g_pfnVectors
                0x0000000008000188                . = ALIGN (0x4)

.text           0x0000000008000188     0x6624
                0x0000000008000188                . = ALIGN (0x4)
 *(.text)
 .text          0x0000000008000188       0xa4 /opt/gcc-arm-none-eabi/bin/../lib/gcc/arm-none-eabi/5.2.1/armv7e-m/crtbegin.o
 *(.text*)
 .text.MX_ADC1_Init
                0x000000000800022c       0x98 ./Src/adc.o
                0x000000000800022c                MX_ADC1_Init
 .text.MX_ADC4_Init
                0x00000000080002c4       0x98 ./Src/adc.o
                0x00000000080002c4                MX_ADC4_Init
 .text.HAL_ADC_MspInit
                0x000000000800035c      0x100 ./Src/adc.o
                0x000000000800035c                HAL_ADC_MspInit
 .text.MX_DMA_Init
                0x000000000800045c       0x74 ./Src/dma.o
                0x000000000800045c                MX_DMA_Init
 .text.MX_GPIO_Init
                0x00000000080004d0       0xa0 ./Src/gpio.o
                0x00000000080004d0                MX_GPIO_Init
 .text.HAL_UART_TxCpltCallback
                0x0000000008000570       0x14 ./Src/main.o
                0x0000000008000570                HAL_UART_TxCpltCallback
 .text.HAL_ADC_ConvCpltCallback
                0x0000000008000584       0x54 ./Src/main.o
                0x0000000008000584                HAL_ADC_ConvCpltCallback
 .text.HAL_ADC_ConvHalfCpltCallback
                0x00000000080005d8       0x48 ./Src/main.o
                0x00000000080005d8                HAL_ADC_ConvHalfCpltCallback
 .text.main     0x0000000008000620       0xf8 ./Src/main.o
                0x0000000008000620                main
 .text.SystemClock_Config
                0x0000000008000718       0x94 ./Src/main.o
                0x0000000008000718                SystemClock_Config
 .text.MX_OPAMP1_Init
                0x00000000080007ac       0x3c ./Src/opamp.o
                0x00000000080007ac                MX_OPAMP1_Init
 .text.MX_OPAMP2_Init
                0x00000000080007e8       0x3c ./Src/opamp.o
                0x00000000080007e8                MX_OPAMP2_Init
 .text.MX_OPAMP3_Init
                0x0000000008000824       0x3c ./Src/opamp.o
                0x0000000008000824                MX_OPAMP3_Init
 .text.MX_OPAMP4_Init
                0x0000000008000860       0x3c ./Src/opamp.o
                0x0000000008000860                MX_OPAMP4_Init
 .text.HAL_OPAMP_MspInit
                0x000000000800089c       0xb8 ./Src/opamp.o
                0x000000000800089c                HAL_OPAMP_MspInit
 .text.MX_SPI1_Init
                0x0000000008000954       0x70 ./Src/spi.o
                0x0000000008000954                MX_SPI1_Init
 .text.HAL_SPI_MspInit
                0x00000000080009c4       0x60 ./Src/spi.o
                0x00000000080009c4                HAL_SPI_MspInit
 .text.Reset_Handler
                0x0000000008000a24       0x50 ./Src/startup_stm32f303xc.o
                0x0000000008000a24                Reset_Handler
 .text.Default_Handler
                0x0000000008000a74        0x2 ./Src/startup_stm32f303xc.o
                0x0000000008000a74                TIM1_BRK_TIM15_IRQHandler
                0x0000000008000a74                TIM8_TRG_COM_IRQHandler
                0x0000000008000a74                TIM8_CC_IRQHandler
                0x0000000008000a74                DebugMon_Handler
                0x0000000008000a74                TIM1_CC_IRQHandler
                0x0000000008000a74                HardFault_Handler
                0x0000000008000a74                USB_HP_IRQHandler
                0x0000000008000a74                PVD_IRQHandler
                0x0000000008000a74                TAMP_STAMP_IRQHandler
                0x0000000008000a74                PendSV_Handler
                0x0000000008000a74                NMI_Handler
                0x0000000008000a74                EXTI3_IRQHandler
                0x0000000008000a74                USB_HP_CAN_TX_IRQHandler
                0x0000000008000a74                EXTI0_IRQHandler
                0x0000000008000a74                I2C2_EV_IRQHandler
                0x0000000008000a74                FPU_IRQHandler
                0x0000000008000a74                TIM1_UP_TIM16_IRQHandler
                0x0000000008000a74                UsageFault_Handler
                0x0000000008000a74                ADC1_2_IRQHandler
                0x0000000008000a74                SPI1_IRQHandler
                0x0000000008000a74                CAN_SCE_IRQHandler
                0x0000000008000a74                TIM6_DAC_IRQHandler
                0x0000000008000a74                TIM8_UP_IRQHandler
                0x0000000008000a74                USART3_IRQHandler
                0x0000000008000a74                DMA1_Channel7_IRQHandler
                0x0000000008000a74                UART5_IRQHandler
                0x0000000008000a74                ADC3_IRQHandler
                0x0000000008000a74                TIM4_IRQHandler
                0x0000000008000a74                CAN_RX1_IRQHandler
                0x0000000008000a74                DMA2_Channel1_IRQHandler
                0x0000000008000a74                I2C1_EV_IRQHandler
                0x0000000008000a74                DMA1_Channel6_IRQHandler
                0x0000000008000a74                UART4_IRQHandler
                0x0000000008000a74                DMA2_Channel4_IRQHandler
                0x0000000008000a74                TIM3_IRQHandler
                0x0000000008000a74                RCC_IRQHandler
                0x0000000008000a74                Default_Handler
                0x0000000008000a74                USBWakeUp_RMP_IRQHandler
                0x0000000008000a74                EXTI15_10_IRQHandler
                0x0000000008000a74                TIM7_IRQHandler
                0x0000000008000a74                EXTI9_5_IRQHandler
                0x0000000008000a74                RTC_WKUP_IRQHandler
                0x0000000008000a74                SPI2_IRQHandler
                0x0000000008000a74                USB_LP_CAN_RX0_IRQHandler
                0x0000000008000a74                MemManage_Handler
                0x0000000008000a74                SVC_Handler
                0x0000000008000a74                DMA2_Channel5_IRQHandler
                0x0000000008000a74                DMA1_Channel5_IRQHandler
                0x0000000008000a74                USB_LP_IRQHandler
                0x0000000008000a74                EXTI4_IRQHandler
                0x0000000008000a74                TIM1_TRG_COM_TIM17_IRQHandler
                0x0000000008000a74                DMA1_Channel3_IRQHandler
                0x0000000008000a74                ADC4_IRQHandler
                0x0000000008000a74                WWDG_IRQHandler
                0x0000000008000a74                TIM2_IRQHandler
                0x0000000008000a74                COMP7_IRQHandler
                0x0000000008000a74                COMP1_2_3_IRQHandler
                0x0000000008000a74                EXTI1_IRQHandler
                0x0000000008000a74                USART2_IRQHandler
                0x0000000008000a74                COMP4_5_6_IRQHandler
                0x0000000008000a74                I2C2_ER_IRQHandler
                0x0000000008000a74                DMA1_Channel2_IRQHandler
                0x0000000008000a74                TIM8_BRK_IRQHandler
                0x0000000008000a74                FLASH_IRQHandler
                0x0000000008000a74                BusFault_Handler
                0x0000000008000a74                SPI3_IRQHandler
                0x0000000008000a74                I2C1_ER_IRQHandler
                0x0000000008000a74                USBWakeUp_IRQHandler
                0x0000000008000a74                DMA2_Channel3_IRQHandler
                0x0000000008000a74                EXTI2_TSC_IRQHandler
                0x0000000008000a74                RTC_Alarm_IRQHandler
 *fill*         0x0000000008000a76        0x2 
 .text.HAL_MspInit
                0x0000000008000a78       0x3c ./Src/stm32f3xx_hal_msp.o
                0x0000000008000a78                HAL_MspInit
 .text.SysTick_Handler
                0x0000000008000ab4       0x10 ./Src/stm32f3xx_it.o
                0x0000000008000ab4                SysTick_Handler
 .text.DMA1_Channel1_IRQHandler
                0x0000000008000ac4       0x14 ./Src/stm32f3xx_it.o
                0x0000000008000ac4                DMA1_Channel1_IRQHandler
 .text.DMA1_Channel4_IRQHandler
                0x0000000008000ad8       0x14 ./Src/stm32f3xx_it.o
                0x0000000008000ad8                DMA1_Channel4_IRQHandler
 .text.USART1_IRQHandler
                0x0000000008000aec       0x14 ./Src/stm32f3xx_it.o
                0x0000000008000aec                USART1_IRQHandler
 .text.DMA2_Channel2_IRQHandler
                0x0000000008000b00       0x14 ./Src/stm32f3xx_it.o
                0x0000000008000b00                DMA2_Channel2_IRQHandler
 .text.SystemInit
                0x0000000008000b14       0x84 ./Src/system_stm32f3xx.o
                0x0000000008000b14                SystemInit
 .text.MX_TIM3_Init
                0x0000000008000b98       0x60 ./Src/tim.o
                0x0000000008000b98                MX_TIM3_Init
 .text.HAL_TIM_Base_MspInit
                0x0000000008000bf8       0x3c ./Src/tim.o
                0x0000000008000bf8                HAL_TIM_Base_MspInit
 .text.MX_USART1_UART_Init
                0x0000000008000c34       0x58 ./Src/usart.o
                0x0000000008000c34                MX_USART1_UART_Init
 .text.HAL_UART_MspInit
                0x0000000008000c8c       0xbc ./Src/usart.o
                0x0000000008000c8c                HAL_UART_MspInit
 .text.HAL_Init
                0x0000000008000d48       0x2c ./Drivers/STM32F3xx_HAL_Driver/Src/stm32f3xx_hal.o
                0x0000000008000d48                HAL_Init
 .text.HAL_InitTick
                0x0000000008000d74       0x38 ./Drivers/STM32F3xx_HAL_Driver/Src/stm32f3xx_hal.o
                0x0000000008000d74                HAL_InitTick
 .text.HAL_IncTick
                0x0000000008000dac       0x1c ./Drivers/STM32F3xx_HAL_Driver/Src/stm32f3xx_hal.o
                0x0000000008000dac                HAL_IncTick
 .text.HAL_GetTick
                0x0000000008000dc8       0x14 ./Drivers/STM32F3xx_HAL_Driver/Src/stm32f3xx_hal.o
                0x0000000008000dc8                HAL_GetTick
 .text.HAL_ADC_ErrorCallback
                0x0000000008000ddc       0x14 ./Drivers/STM32F3xx_HAL_Driver/Src/stm32f3xx_hal_adc.o
                0x0000000008000ddc                HAL_ADC_ErrorCallback
 .text.HAL_ADC_Init
                0x0000000008000df0      0x3bc ./Drivers/STM32F3xx_HAL_Driver/Src/stm32f3xx_hal_adc_ex.o
                0x0000000008000df0                HAL_ADC_Init
 .text.HAL_ADC_Stop
                0x00000000080011ac       0x6c ./Drivers/STM32F3xx_HAL_Driver/Src/stm32f3xx_hal_adc_ex.o
                0x00000000080011ac                HAL_ADC_Stop
 .text.HAL_ADC_Start_DMA
                0x0000000008001218      0x238 ./Drivers/STM32F3xx_HAL_Driver/Src/stm32f3xx_hal_adc_ex.o
                0x0000000008001218                HAL_ADC_Start_DMA
 .text.HAL_ADC_Stop_DMA
                0x0000000008001450       0xb8 ./Drivers/STM32F3xx_HAL_Driver/Src/stm32f3xx_hal_adc_ex.o
                0x0000000008001450                HAL_ADC_Stop_DMA
 .text.HAL_ADCEx_Calibration_SetValue
                0x0000000008001508       0xc4 ./Drivers/STM32F3xx_HAL_Driver/Src/stm32f3xx_hal_adc_ex.o
                0x0000000008001508                HAL_ADCEx_Calibration_SetValue
 .text.HAL_ADC_ConfigChannel
                0x00000000080015cc      0x5d8 ./Drivers/STM32F3xx_HAL_Driver/Src/stm32f3xx_hal_adc_ex.o
                0x00000000080015cc                HAL_ADC_ConfigChannel
 .text.ADC_DMAConvCplt
                0x0000000008001ba4       0x7c ./Drivers/STM32F3xx_HAL_Driver/Src/stm32f3xx_hal_adc_ex.o
 .text.ADC_DMAHalfConvCplt
                0x0000000008001c20       0x1c ./Drivers/STM32F3xx_HAL_Driver/Src/stm32f3xx_hal_adc_ex.o
 .text.ADC_DMAError
                0x0000000008001c3c       0x34 ./Drivers/STM32F3xx_HAL_Driver/Src/stm32f3xx_hal_adc_ex.o
 .text.ADC_Enable
                0x0000000008001c70       0xbc ./Drivers/STM32F3xx_HAL_Driver/Src/stm32f3xx_hal_adc_ex.o
 .text.ADC_Disable
                0x0000000008001d2c       0xc0 ./Drivers/STM32F3xx_HAL_Driver/Src/stm32f3xx_hal_adc_ex.o
 .text.ADC_ConversionStop
                0x0000000008001dec      0x158 ./Drivers/STM32F3xx_HAL_Driver/Src/stm32f3xx_hal_adc_ex.o
 .text.NVIC_SetPriorityGrouping
                0x0000000008001f44       0x48 ./Drivers/STM32F3xx_HAL_Driver/Src/stm32f3xx_hal_cortex.o
 .text.NVIC_GetPriorityGrouping
                0x0000000008001f8c       0x1c ./Drivers/STM32F3xx_HAL_Driver/Src/stm32f3xx_hal_cortex.o
 .text.NVIC_EnableIRQ
                0x0000000008001fa8       0x30 ./Drivers/STM32F3xx_HAL_Driver/Src/stm32f3xx_hal_cortex.o
 .text.NVIC_SetPriority
                0x0000000008001fd8       0x54 ./Drivers/STM32F3xx_HAL_Driver/Src/stm32f3xx_hal_cortex.o
 .text.NVIC_EncodePriority
                0x000000000800202c       0x60 ./Drivers/STM32F3xx_HAL_Driver/Src/stm32f3xx_hal_cortex.o
 .text.SysTick_Config
                0x000000000800208c       0x44 ./Drivers/STM32F3xx_HAL_Driver/Src/stm32f3xx_hal_cortex.o
 .text.HAL_NVIC_SetPriorityGrouping
                0x00000000080020d0       0x18 ./Drivers/STM32F3xx_HAL_Driver/Src/stm32f3xx_hal_cortex.o
                0x00000000080020d0                HAL_NVIC_SetPriorityGrouping
 .text.HAL_NVIC_SetPriority
                0x00000000080020e8       0x38 ./Drivers/STM32F3xx_HAL_Driver/Src/stm32f3xx_hal_cortex.o
                0x00000000080020e8                HAL_NVIC_SetPriority
 .text.HAL_NVIC_EnableIRQ
                0x0000000008002120       0x1c ./Drivers/STM32F3xx_HAL_Driver/Src/stm32f3xx_hal_cortex.o
                0x0000000008002120                HAL_NVIC_EnableIRQ
 .text.HAL_SYSTICK_Config
                0x000000000800213c       0x18 ./Drivers/STM32F3xx_HAL_Driver/Src/stm32f3xx_hal_cortex.o
                0x000000000800213c                HAL_SYSTICK_Config
 .text.HAL_SYSTICK_CLKSourceConfig
                0x0000000008002154       0x38 ./Drivers/STM32F3xx_HAL_Driver/Src/stm32f3xx_hal_cortex.o
                0x0000000008002154                HAL_SYSTICK_CLKSourceConfig
 .text.HAL_SYSTICK_IRQHandler
                0x000000000800218c        0xc ./Drivers/STM32F3xx_HAL_Driver/Src/stm32f3xx_hal_cortex.o
                0x000000000800218c                HAL_SYSTICK_IRQHandler
 .text.HAL_SYSTICK_Callback
                0x0000000008002198        0xc ./Drivers/STM32F3xx_HAL_Driver/Src/stm32f3xx_hal_cortex.o
                0x0000000008002198                HAL_SYSTICK_Callback
 .text.HAL_DMA_Init
                0x00000000080021a4       0x94 ./Drivers/STM32F3xx_HAL_Driver/Src/stm32f3xx_hal_dma.o
                0x00000000080021a4                HAL_DMA_Init
 .text.HAL_DMA_Start_IT
                0x0000000008002238       0x94 ./Drivers/STM32F3xx_HAL_Driver/Src/stm32f3xx_hal_dma.o
                0x0000000008002238                HAL_DMA_Start_IT
 .text.HAL_DMA_Abort
                0x00000000080022cc       0x7c ./Drivers/STM32F3xx_HAL_Driver/Src/stm32f3xx_hal_dma.o
                0x00000000080022cc                HAL_DMA_Abort
 .text.HAL_DMA_IRQHandler
                0x0000000008002348      0xbc4 ./Drivers/STM32F3xx_HAL_Driver/Src/stm32f3xx_hal_dma.o
                0x0000000008002348                HAL_DMA_IRQHandler
 .text.DMA_SetConfig
                0x0000000008002f0c       0x4c ./Drivers/STM32F3xx_HAL_Driver/Src/stm32f3xx_hal_dma.o
 .text.HAL_GPIO_Init
                0x0000000008002f58      0x2f8 ./Drivers/STM32F3xx_HAL_Driver/Src/stm32f3xx_hal_gpio.o
                0x0000000008002f58                HAL_GPIO_Init
 .text.HAL_GPIO_WritePin
                0x0000000008003250       0x30 ./Drivers/STM32F3xx_HAL_Driver/Src/stm32f3xx_hal_gpio.o
                0x0000000008003250                HAL_GPIO_WritePin
 .text.HAL_OPAMP_Init
                0x0000000008003280      0x140 ./Drivers/STM32F3xx_HAL_Driver/Src/stm32f3xx_hal_opamp.o
                0x0000000008003280                HAL_OPAMP_Init
 .text.HAL_OPAMP_Start
                0x00000000080033c0       0x5c ./Drivers/STM32F3xx_HAL_Driver/Src/stm32f3xx_hal_opamp.o
                0x00000000080033c0                HAL_OPAMP_Start
 .text.HAL_PWR_EnterSLEEPMode
                0x000000000800341c       0x38 ./Drivers/STM32F3xx_HAL_Driver/Src/stm32f3xx_hal_pwr.o
                0x000000000800341c                HAL_PWR_EnterSLEEPMode
 .text.HAL_RCC_OscConfig
                0x0000000008003454     0x13a4 ./Drivers/STM32F3xx_HAL_Driver/Src/stm32f3xx_hal_rcc.o
                0x0000000008003454                HAL_RCC_OscConfig
 .text.HAL_RCC_ClockConfig
                0x00000000080047f8      0x710 ./Drivers/STM32F3xx_HAL_Driver/Src/stm32f3xx_hal_rcc.o
                0x00000000080047f8                HAL_RCC_ClockConfig
 .text.HAL_RCC_GetSysClockFreq
                0x0000000008004f08       0xd0 ./Drivers/STM32F3xx_HAL_Driver/Src/stm32f3xx_hal_rcc.o
                0x0000000008004f08                HAL_RCC_GetSysClockFreq
 .text.HAL_RCC_GetHCLKFreq
                0x0000000008004fd8       0x50 ./Drivers/STM32F3xx_HAL_Driver/Src/stm32f3xx_hal_rcc.o
                0x0000000008004fd8                HAL_RCC_GetHCLKFreq
 .text.HAL_RCC_GetPCLK1Freq
                0x0000000008005028       0x44 ./Drivers/STM32F3xx_HAL_Driver/Src/stm32f3xx_hal_rcc.o
                0x0000000008005028                HAL_RCC_GetPCLK1Freq
 .text.HAL_RCC_GetPCLK2Freq
                0x000000000800506c       0x44 ./Drivers/STM32F3xx_HAL_Driver/Src/stm32f3xx_hal_rcc.o
                0x000000000800506c                HAL_RCC_GetPCLK2Freq
 .text.HAL_RCCEx_PeriphCLKConfig
                0x00000000080050b0      0x358 ./Drivers/STM32F3xx_HAL_Driver/Src/stm32f3xx_hal_rcc_ex.o
                0x00000000080050b0                HAL_RCCEx_PeriphCLKConfig
 .text.HAL_SPI_Init
                0x0000000008005408      0x12c ./Drivers/STM32F3xx_HAL_Driver/Src/stm32f3xx_hal_spi.o
                0x0000000008005408                HAL_SPI_Init
 .text.HAL_TIM_Base_Init
                0x0000000008005534       0x58 ./Drivers/STM32F3xx_HAL_Driver/Src/stm32f3xx_hal_tim.o
                0x0000000008005534                HAL_TIM_Base_Init
 .text.HAL_TIM_Base_Start
                0x000000000800558c       0x34 ./Drivers/STM32F3xx_HAL_Driver/Src/stm32f3xx_hal_tim.o
                0x000000000800558c                HAL_TIM_Base_Start
 .text.HAL_TIM_ConfigClockSource
                0x00000000080055c0      0x1c4 ./Drivers/STM32F3xx_HAL_Driver/Src/stm32f3xx_hal_tim.o
                0x00000000080055c0                HAL_TIM_ConfigClockSource
 .text.TIM_Base_SetConfig
                0x0000000008005784      0x114 ./Drivers/STM32F3xx_HAL_Driver/Src/stm32f3xx_hal_tim.o
                0x0000000008005784                TIM_Base_SetConfig
 .text.TIM_TI1_ConfigInputStage
                0x0000000008005898       0x64 ./Drivers/STM32F3xx_HAL_Driver/Src/stm32f3xx_hal_tim.o
 .text.TIM_TI2_ConfigInputStage
                0x00000000080058fc       0x68 ./Drivers/STM32F3xx_HAL_Driver/Src/stm32f3xx_hal_tim.o
 .text.TIM_ITRx_SetConfig
                0x0000000008005964       0x40 ./Drivers/STM32F3xx_HAL_Driver/Src/stm32f3xx_hal_tim.o
 .text.TIM_ETR_SetConfig
                0x00000000080059a4       0x44 ./Drivers/STM32F3xx_HAL_Driver/Src/stm32f3xx_hal_tim.o
                0x00000000080059a4                TIM_ETR_SetConfig
 .text.HAL_TIMEx_MasterConfigSynchronization
                0x00000000080059e8       0xa8 ./Drivers/STM32F3xx_HAL_Driver/Src/stm32f3xx_hal_tim_ex.o
                0x00000000080059e8                HAL_TIMEx_MasterConfigSynchronization
 .text.HAL_UART_Init
                0x0000000008005a90       0xa4 ./Drivers/STM32F3xx_HAL_Driver/Src/stm32f3xx_hal_uart.o
                0x0000000008005a90                HAL_UART_Init
 .text.HAL_UART_Transmit_DMA
                0x0000000008005b34       0xf4 ./Drivers/STM32F3xx_HAL_Driver/Src/stm32f3xx_hal_uart.o
                0x0000000008005b34                HAL_UART_Transmit_DMA
 .text.HAL_UART_IRQHandler
                0x0000000008005c28      0x1a8 ./Drivers/STM32F3xx_HAL_Driver/Src/stm32f3xx_hal_uart.o
                0x0000000008005c28                HAL_UART_IRQHandler
 .text.HAL_UART_TxHalfCpltCallback
                0x0000000008005dd0       0x14 ./Drivers/STM32F3xx_HAL_Driver/Src/stm32f3xx_hal_uart.o
                0x0000000008005dd0                HAL_UART_TxHalfCpltCallback
 .text.HAL_UART_RxCpltCallback
                0x0000000008005de4       0x14 ./Drivers/STM32F3xx_HAL_Driver/Src/stm32f3xx_hal_uart.o
                0x0000000008005de4                HAL_UART_RxCpltCallback
 .text.HAL_UART_ErrorCallback
                0x0000000008005df8       0x14 ./Drivers/STM32F3xx_HAL_Driver/Src/stm32f3xx_hal_uart.o
                0x0000000008005df8                HAL_UART_ErrorCallback
 .text.UART_SetConfig
                0x0000000008005e0c      0x390 ./Drivers/STM32F3xx_HAL_Driver/Src/stm32f3xx_hal_uart.o
                0x0000000008005e0c                UART_SetConfig
 .text.UART_AdvFeatureConfig
                0x000000000800619c      0x144 ./Drivers/STM32F3xx_HAL_Driver/Src/stm32f3xx_hal_uart.o
                0x000000000800619c                UART_AdvFeatureConfig
 .text.UART_CheckIdleState
                0x00000000080062e0       0x78 ./Drivers/STM32F3xx_HAL_Driver/Src/stm32f3xx_hal_uart.o
                0x00000000080062e0                UART_CheckIdleState
 .text.UART_WaitOnFlagUntilTimeout
                0x0000000008006358      0x130 ./Drivers/STM32F3xx_HAL_Driver/Src/stm32f3xx_hal_uart.o
                0x0000000008006358                UART_WaitOnFlagUntilTimeout
 .text.UART_DMATransmitCplt
                0x0000000008006488       0x54 ./Drivers/STM32F3xx_HAL_Driver/Src/stm32f3xx_hal_uart.o
 .text.UART_DMATxHalfCplt
                0x00000000080064dc       0x1c ./Drivers/STM32F3xx_HAL_Driver/Src/stm32f3xx_hal_uart.o
 .text.UART_DMAError
                0x00000000080064f8       0x40 ./Drivers/STM32F3xx_HAL_Driver/Src/stm32f3xx_hal_uart.o
 .text.UART_Transmit_IT
                0x0000000008006538       0xb8 ./Drivers/STM32F3xx_HAL_Driver/Src/stm32f3xx_hal_uart.o
                0x0000000008006538                UART_Transmit_IT
 .text.UART_EndTransmit_IT
                0x00000000080065f0       0x48 ./Drivers/STM32F3xx_HAL_Driver/Src/stm32f3xx_hal_uart.o
                0x00000000080065f0                UART_EndTransmit_IT
 .text.UART_Receive_IT
                0x0000000008006638       0xfc ./Drivers/STM32F3xx_HAL_Driver/Src/stm32f3xx_hal_uart.o
                0x0000000008006638                UART_Receive_IT
 .text.HAL_UARTEx_WakeupCallback
                0x0000000008006734       0x14 ./Drivers/STM32F3xx_HAL_Driver/Src/stm32f3xx_hal_uart_ex.o
                0x0000000008006734                HAL_UARTEx_WakeupCallback
 .text.__libc_init_array
                0x0000000008006748       0x4c /opt/gcc-arm-none-eabi/bin/../lib/gcc/arm-none-eabi/5.2.1/../../../../arm-none-eabi/lib/armv7e-m/libg_nano.a(lib_a-init.o)
                0x0000000008006748                __libc_init_array
 *(.glue_7)
 .glue_7        0x0000000008006794        0x0 linker stubs
 *(.glue_7t)
 .glue_7t       0x0000000008006794        0x0 linker stubs
 *(.eh_frame)
 .eh_frame      0x0000000008006794        0x0 /opt/gcc-arm-none-eabi/bin/../lib/gcc/arm-none-eabi/5.2.1/armv7e-m/crtbegin.o
 *(.init)
 .init          0x0000000008006794        0x4 /opt/gcc-arm-none-eabi/bin/../lib/gcc/arm-none-eabi/5.2.1/armv7e-m/crti.o
                0x0000000008006794                _init
 .init          0x0000000008006798        0x8 /opt/gcc-arm-none-eabi/bin/../lib/gcc/arm-none-eabi/5.2.1/armv7e-m/crtn.o
 *(.fini)
 .fini          0x00000000080067a0        0x4 /opt/gcc-arm-none-eabi/bin/../lib/gcc/arm-none-eabi/5.2.1/armv7e-m/crti.o
                0x00000000080067a0                _fini
 .fini          0x00000000080067a4        0x8 /opt/gcc-arm-none-eabi/bin/../lib/gcc/arm-none-eabi/5.2.1/armv7e-m/crtn.o
                0x00000000080067ac                . = ALIGN (0x4)
                0x00000000080067ac                _etext = .

.vfp11_veneer   0x00000000080067ac        0x0
 .vfp11_veneer  0x00000000080067ac        0x0 linker stubs

.v4_bx          0x00000000080067ac        0x0
 .v4_bx         0x00000000080067ac        0x0 linker stubs

.iplt           0x00000000080067ac        0x0
 .iplt          0x00000000080067ac        0x0 /opt/gcc-arm-none-eabi/bin/../lib/gcc/arm-none-eabi/5.2.1/armv7e-m/crtbegin.o

.rodata         0x00000000080067ac       0x30
                0x00000000080067ac                . = ALIGN (0x4)
 *(.rodata)
 *(.rodata*)
 .rodata.aAPBAHBPrescTable
                0x00000000080067ac       0x10 ./Drivers/STM32F3xx_HAL_Driver/Src/stm32f3xx_hal_rcc.o
                0x00000000080067ac                aAPBAHBPrescTable
 .rodata.aPLLMULFactorTable
                0x00000000080067bc       0x10 ./Drivers/STM32F3xx_HAL_Driver/Src/stm32f3xx_hal_rcc.o
                0x00000000080067bc                aPLLMULFactorTable
 .rodata.aPredivFactorTable
                0x00000000080067cc       0x10 ./Drivers/STM32F3xx_HAL_Driver/Src/stm32f3xx_hal_rcc.o
                0x00000000080067cc                aPredivFactorTable
                0x00000000080067dc                . = ALIGN (0x4)

.rel.dyn        0x00000000080067dc        0x0
 .rel.iplt      0x00000000080067dc        0x0 /opt/gcc-arm-none-eabi/bin/../lib/gcc/arm-none-eabi/5.2.1/armv7e-m/crtbegin.o

.ARM.extab
 *(.ARM.extab* .gnu.linkonce.armextab.*)

.ARM            0x00000000080067dc        0x0
                0x00000000080067dc                __exidx_start = .
 *(.ARM.exidx*)
                0x00000000080067dc                __exidx_end = .

.preinit_array  0x00000000080067dc        0x0
                0x00000000080067dc                PROVIDE (__preinit_array_start, .)
 *(.preinit_array*)
                0x00000000080067dc                PROVIDE (__preinit_array_end, .)

.init_array     0x00000000080067dc        0x4
                0x00000000080067dc                PROVIDE (__init_array_start, .)
 *(SORT(.init_array.*))
 *(.init_array*)
 .init_array    0x00000000080067dc        0x4 /opt/gcc-arm-none-eabi/bin/../lib/gcc/arm-none-eabi/5.2.1/armv7e-m/crtbegin.o
                0x00000000080067e0                PROVIDE (__init_array_end, .)

.fini_array     0x00000000080067e0        0x4
                [!provide]                        PROVIDE (__fini_array_start, .)
 *(SORT(.fini_array.*))
 *(.fini_array*)
 .fini_array    0x00000000080067e0        0x4 /opt/gcc-arm-none-eabi/bin/../lib/gcc/arm-none-eabi/5.2.1/armv7e-m/crtbegin.o
                [!provide]                        PROVIDE (__fini_array_end, .)
                0x00000000080067e4                _sidata = LOADADDR (.data)

.data           0x0000000020000000      0xfb4 load address 0x00000000080067e4
                0x0000000020000000                . = ALIGN (0x4)
                0x0000000020000000                _sdata = .
 *(.data)
 *(.data*)
 .data.ADC1_Packet
                0x0000000020000000      0x7d8 ./Src/main.o
                0x0000000020000000                ADC1_Packet
 .data.ADC4_Packet
                0x00000000200007d8      0x7d8 ./Src/main.o
                0x00000000200007d8                ADC4_Packet
 .data.SystemCoreClock
                0x0000000020000fb0        0x4 ./Src/system_stm32f3xx.o
                0x0000000020000fb0                SystemCoreClock
                0x0000000020000fb4                . = ALIGN (0x4)
                0x0000000020000fb4                _edata = .
                0x0000000008007798                _siccmram = LOADADDR (.ccmram)

.jcr            0x0000000020000fb4        0x0 load address 0x0000000008007798
 .jcr           0x0000000020000fb4        0x0 /opt/gcc-arm-none-eabi/bin/../lib/gcc/arm-none-eabi/5.2.1/armv7e-m/crtbegin.o

.tm_clone_table
                0x0000000020000fb4        0x0 load address 0x0000000008007798
 .tm_clone_table
                0x0000000020000fb4        0x0 /opt/gcc-arm-none-eabi/bin/../lib/gcc/arm-none-eabi/5.2.1/armv7e-m/crtbegin.o
 .tm_clone_table
                0x0000000020000fb4        0x0 /opt/gcc-arm-none-eabi/bin/../lib/gcc/arm-none-eabi/5.2.1/armv7e-m/crtend.o

.igot.plt       0x0000000020000fb4        0x0 load address 0x0000000008007798
 .igot.plt      0x0000000020000fb4        0x0 /opt/gcc-arm-none-eabi/bin/../lib/gcc/arm-none-eabi/5.2.1/armv7e-m/crtbegin.o

.ccmram         0x0000000010000000        0x0 load address 0x0000000008007798
                0x0000000010000000                . = ALIGN (0x4)
                0x0000000010000000                _sccmram = .
 *(.ccmram)
 *(.ccmram*)
                0x0000000010000000                . = ALIGN (0x4)
                0x0000000010000000                _eccmram = .
                0x0000000010000000                . = ALIGN (0x4)

.bss            0x0000000020000fb4      0x350
                0x0000000020000fb4                _sbss = .
                0x0000000020000fb4                __bss_start__ = _sbss
 *(.bss)
 .bss           0x0000000020000fb4       0x1c /opt/gcc-arm-none-eabi/bin/../lib/gcc/arm-none-eabi/5.2.1/armv7e-m/crtbegin.o
 *(.bss*)
 .bss.uwTick    0x0000000020000fd0        0x4 ./Drivers/STM32F3xx_HAL_Driver/Src/stm32f3xx_hal.o
 *(COMMON)
 COMMON         0x0000000020000fd4      0x118 ./Src/adc.o
                0x0000000020000fd4                hdma_adc4
                0x000000002000100c                hadc1
                0x0000000020001060                hdma_adc1
                0x0000000020001098                hadc4
 COMMON         0x00000000200010ec       0xd0 ./Src/opamp.o
                0x00000000200010ec                hopamp2
                0x0000000020001120                hopamp3
                0x0000000020001154                hopamp1
                0x0000000020001188                hopamp4
 COMMON         0x00000000200011bc       0x64 ./Src/spi.o
                0x00000000200011bc                hspi1
 COMMON         0x0000000020001220       0x3c ./Src/tim.o
                0x0000000020001220                htim3
 COMMON         0x000000002000125c       0xa8 ./Src/usart.o
                0x000000002000125c                hdma_usart1_tx
                0x0000000020001294                huart1
                0x0000000020001304                . = ALIGN (0x4)
                0x0000000020001304                _ebss = .
                0x0000000020001304                __bss_end__ = _ebss

._user_heap_stack
                0x0000000020001304      0x604
                0x0000000020001308                . = ALIGN (0x8)
 *fill*         0x0000000020001304        0x4 
                [!provide]                        PROVIDE (end, .)
                [!provide]                        PROVIDE (_end, .)
                0x0000000020001708                . = (. + _Min_Heap_Size)
 *fill*         0x0000000020001308      0x400 
                0x0000000020001908                . = (. + _Min_Stack_Size)
 *fill*         0x0000000020001708      0x200 
                0x0000000020001908                . = ALIGN (0x8)

/DISCARD/
 libc.a(*)
 libm.a(*)
 libgcc.a(*)

.ARM.attributes
                0x0000000000000000       0x2a
 *(.ARM.attributes)
 .ARM.attributes
                0x0000000000000000       0x1e /opt/gcc-arm-none-eabi/bin/../lib/gcc/arm-none-eabi/5.2.1/armv7e-m/crti.o
 .ARM.attributes
                0x000000000000001e       0x2e /opt/gcc-arm-none-eabi/bin/../lib/gcc/arm-none-eabi/5.2.1/armv7e-m/crtbegin.o
 .ARM.attributes
                0x000000000000004c       0x33 ./Src/adc.o
 .ARM.attributes
                0x000000000000007f       0x33 ./Src/dma.o
 .ARM.attributes
                0x00000000000000b2       0x33 ./Src/gpio.o
 .ARM.attributes
                0x00000000000000e5       0x33 ./Src/main.o
 .ARM.attributes
                0x0000000000000118       0x33 ./Src/opamp.o
 .ARM.attributes
                0x000000000000014b       0x33 ./Src/spi.o
 .ARM.attributes
                0x000000000000017e       0x21 ./Src/startup_stm32f303xc.o
 .ARM.attributes
                0x000000000000019f       0x33 ./Src/stm32f3xx_hal_msp.o
 .ARM.attributes
                0x00000000000001d2       0x33 ./Src/stm32f3xx_it.o
 .ARM.attributes
                0x0000000000000205       0x33 ./Src/system_stm32f3xx.o
 .ARM.attributes
                0x0000000000000238       0x33 ./Src/tim.o
 .ARM.attributes
                0x000000000000026b       0x33 ./Src/usart.o
 .ARM.attributes
                0x000000000000029e       0x33 ./Drivers/STM32F3xx_HAL_Driver/Src/stm32f3xx_hal.o
 .ARM.attributes
                0x00000000000002d1       0x33 ./Drivers/STM32F3xx_HAL_Driver/Src/stm32f3xx_hal_adc.o
 .ARM.attributes
                0x0000000000000304       0x33 ./Drivers/STM32F3xx_HAL_Driver/Src/stm32f3xx_hal_adc_ex.o
 .ARM.attributes
                0x0000000000000337       0x33 ./Drivers/STM32F3xx_HAL_Driver/Src/stm32f3xx_hal_cortex.o
 .ARM.attributes
                0x000000000000036a       0x33 ./Drivers/STM32F3xx_HAL_Driver/Src/stm32f3xx_hal_dma.o
 .ARM.attributes
                0x000000000000039d       0x33 ./Drivers/STM32F3xx_HAL_Driver/Src/stm32f3xx_hal_gpio.o
 .ARM.attributes
                0x00000000000003d0       0x33 ./Drivers/STM32F3xx_HAL_Driver/Src/stm32f3xx_hal_opamp.o
 .ARM.attributes
                0x0000000000000403       0x33 ./Drivers/STM32F3xx_HAL_Driver/Src/stm32f3xx_hal_pwr.o
 .ARM.attributes
                0x0000000000000436       0x33 ./Drivers/STM32F3xx_HAL_Driver/Src/stm32f3xx_hal_rcc.o
 .ARM.attributes
                0x0000000000000469       0x33 ./Drivers/STM32F3xx_HAL_Driver/Src/stm32f3xx_hal_rcc_ex.o
 .ARM.attributes
                0x000000000000049c       0x33 ./Drivers/STM32F3xx_HAL_Driver/Src/stm32f3xx_hal_spi.o
 .ARM.attributes
                0x00000000000004cf       0x33 ./Drivers/STM32F3xx_HAL_Driver/Src/stm32f3xx_hal_tim.o
 .ARM.attributes
                0x0000000000000502       0x33 ./Drivers/STM32F3xx_HAL_Driver/Src/stm32f3xx_hal_tim_ex.o
 .ARM.attributes
                0x0000000000000535       0x33 ./Drivers/STM32F3xx_HAL_Driver/Src/stm32f3xx_hal_uart.o
 .ARM.attributes
                0x0000000000000568       0x33 ./Drivers/STM32F3xx_HAL_Driver/Src/stm32f3xx_hal_uart_ex.o
 .ARM.attributes
                0x000000000000059b       0x2e /opt/gcc-arm-none-eabi/bin/../lib/gcc/arm-none-eabi/5.2.1/../../../../arm-none-eabi/lib/armv7e-m/libg_nano.a(lib_a-init.o)
 .ARM.attributes
                0x00000000000005c9       0x2e /opt/gcc-arm-none-eabi/bin/../lib/gcc/arm-none-eabi/5.2.1/armv7e-m/crtend.o
 .ARM.attributes
                0x00000000000005f7       0x1e /opt/gcc-arm-none-eabi/bin/../lib/gcc/arm-none-eabi/5.2.1/armv7e-m/crtn.o
OUTPUT(firmware.elf elf32-littlearm)

.debug_info     0x0000000000000000    0x113fa
 .debug_info    0x0000000000000000      0x7f8 ./Src/adc.o
 .debug_info    0x00000000000007f8      0x391 ./Src/dma.o
 .debug_info    0x0000000000000b89      0x33a ./Src/gpio.o
 .debug_info    0x0000000000000ec3     0x132f ./Src/main.o
 .debug_info    0x00000000000021f2      0x457 ./Src/opamp.o
 .debug_info    0x0000000000002649      0x773 ./Src/spi.o
 .debug_info    0x0000000000002dbc       0x77 ./Src/startup_stm32f303xc.o
 .debug_info    0x0000000000002e33      0x375 ./Src/stm32f3xx_hal_msp.o
 .debug_info    0x00000000000031a8      0x60d ./Src/stm32f3xx_it.o
 .debug_info    0x00000000000037b5      0x3b9 ./Src/system_stm32f3xx.o
 .debug_info    0x0000000000003b6e      0x6e9 ./Src/tim.o
 .debug_info    0x0000000000004257      0x9b7 ./Src/usart.o
 .debug_info    0x0000000000004c0e      0x64b ./Drivers/STM32F3xx_HAL_Driver/Src/stm32f3xx_hal.o
 .debug_info    0x0000000000005259      0xaa8 ./Drivers/STM32F3xx_HAL_Driver/Src/stm32f3xx_hal_adc.o
 .debug_info    0x0000000000005d01     0x1489 ./Drivers/STM32F3xx_HAL_Driver/Src/stm32f3xx_hal_adc_ex.o
 .debug_info    0x000000000000718a      0xca8 ./Drivers/STM32F3xx_HAL_Driver/Src/stm32f3xx_hal_cortex.o
 .debug_info    0x0000000000007e32      0x585 ./Drivers/STM32F3xx_HAL_Driver/Src/stm32f3xx_hal_dma.o
 .debug_info    0x00000000000083b7      0x660 ./Drivers/STM32F3xx_HAL_Driver/Src/stm32f3xx_hal_gpio.o
 .debug_info    0x0000000000008a17      0x5cc ./Drivers/STM32F3xx_HAL_Driver/Src/stm32f3xx_hal_opamp.o
 .debug_info    0x0000000000008fe3      0x60b ./Drivers/STM32F3xx_HAL_Driver/Src/stm32f3xx_hal_pwr.o
 .debug_info    0x00000000000095ee     0x1af7 ./Drivers/STM32F3xx_HAL_Driver/Src/stm32f3xx_hal_rcc.o
 .debug_info    0x000000000000b0e5      0x600 ./Drivers/STM32F3xx_HAL_Driver/Src/stm32f3xx_hal_rcc_ex.o
 .debug_info    0x000000000000b6e5     0x1288 ./Drivers/STM32F3xx_HAL_Driver/Src/stm32f3xx_hal_spi.o
 .debug_info    0x000000000000c96d     0x211b ./Drivers/STM32F3xx_HAL_Driver/Src/stm32f3xx_hal_tim.o
 .debug_info    0x000000000000ea88     0x11ba ./Drivers/STM32F3xx_HAL_Driver/Src/stm32f3xx_hal_tim_ex.o
 .debug_info    0x000000000000fc42     0x104a ./Drivers/STM32F3xx_HAL_Driver/Src/stm32f3xx_hal_uart.o
 .debug_info    0x0000000000010c8c      0x76e ./Drivers/STM32F3xx_HAL_Driver/Src/stm32f3xx_hal_uart_ex.o

.debug_abbrev   0x0000000000000000     0x2a38
 .debug_abbrev  0x0000000000000000      0x16b ./Src/adc.o
 .debug_abbrev  0x000000000000016b       0xe8 ./Src/dma.o
 .debug_abbrev  0x0000000000000253      0x11c ./Src/gpio.o
 .debug_abbrev  0x000000000000036f      0x201 ./Src/main.o
 .debug_abbrev  0x0000000000000570      0x149 ./Src/opamp.o
 .debug_abbrev  0x00000000000006b9      0x178 ./Src/spi.o
 .debug_abbrev  0x0000000000000831       0x12 ./Src/startup_stm32f303xc.o
 .debug_abbrev  0x0000000000000843       0xdd ./Src/stm32f3xx_hal_msp.o
 .debug_abbrev  0x0000000000000920      0x116 ./Src/stm32f3xx_it.o
 .debug_abbrev  0x0000000000000a36      0x104 ./Src/system_stm32f3xx.o
 .debug_abbrev  0x0000000000000b3a      0x17a ./Src/tim.o
 .debug_abbrev  0x0000000000000cb4      0x181 ./Src/usart.o
 .debug_abbrev  0x0000000000000e35      0x188 ./Drivers/STM32F3xx_HAL_Driver/Src/stm32f3xx_hal.o
 .debug_abbrev  0x0000000000000fbd      0x153 ./Drivers/STM32F3xx_HAL_Driver/Src/stm32f3xx_hal_adc.o
 .debug_abbrev  0x0000000000001110      0x21e ./Drivers/STM32F3xx_HAL_Driver/Src/stm32f3xx_hal_adc_ex.o
 .debug_abbrev  0x000000000000132e      0x298 ./Drivers/STM32F3xx_HAL_Driver/Src/stm32f3xx_hal_cortex.o
 .debug_abbrev  0x00000000000015c6      0x1b8 ./Drivers/STM32F3xx_HAL_Driver/Src/stm32f3xx_hal_dma.o
 .debug_abbrev  0x000000000000177e      0x1af ./Drivers/STM32F3xx_HAL_Driver/Src/stm32f3xx_hal_gpio.o
 .debug_abbrev  0x000000000000192d      0x183 ./Drivers/STM32F3xx_HAL_Driver/Src/stm32f3xx_hal_opamp.o
 .debug_abbrev  0x0000000000001ab0      0x1a7 ./Drivers/STM32F3xx_HAL_Driver/Src/stm32f3xx_hal_pwr.o
 .debug_abbrev  0x0000000000001c57      0x25f ./Drivers/STM32F3xx_HAL_Driver/Src/stm32f3xx_hal_rcc.o
 .debug_abbrev  0x0000000000001eb6      0x212 ./Drivers/STM32F3xx_HAL_Driver/Src/stm32f3xx_hal_rcc_ex.o
 .debug_abbrev  0x00000000000020c8      0x21c ./Drivers/STM32F3xx_HAL_Driver/Src/stm32f3xx_hal_spi.o
 .debug_abbrev  0x00000000000022e4      0x20b ./Drivers/STM32F3xx_HAL_Driver/Src/stm32f3xx_hal_tim.o
 .debug_abbrev  0x00000000000024ef      0x202 ./Drivers/STM32F3xx_HAL_Driver/Src/stm32f3xx_hal_tim_ex.o
 .debug_abbrev  0x00000000000026f1      0x1a7 ./Drivers/STM32F3xx_HAL_Driver/Src/stm32f3xx_hal_uart.o
 .debug_abbrev  0x0000000000002898      0x1a0 ./Drivers/STM32F3xx_HAL_Driver/Src/stm32f3xx_hal_uart_ex.o

.debug_aranges  0x0000000000000000     0x10d8
 .debug_aranges
                0x0000000000000000       0x38 ./Src/adc.o
 .debug_aranges
                0x0000000000000038       0x20 ./Src/dma.o
 .debug_aranges
                0x0000000000000058       0x20 ./Src/gpio.o
 .debug_aranges
                0x0000000000000078       0x48 ./Src/main.o
 .debug_aranges
                0x00000000000000c0       0x48 ./Src/opamp.o
 .debug_aranges
                0x0000000000000108       0x30 ./Src/spi.o
 .debug_aranges
                0x0000000000000138       0x28 ./Src/startup_stm32f303xc.o
 .debug_aranges
                0x0000000000000160       0x20 ./Src/stm32f3xx_hal_msp.o
 .debug_aranges
                0x0000000000000180       0x40 ./Src/stm32f3xx_it.o
 .debug_aranges
                0x00000000000001c0       0x28 ./Src/system_stm32f3xx.o
 .debug_aranges
                0x00000000000001e8       0x30 ./Src/tim.o
 .debug_aranges
                0x0000000000000218       0x30 ./Src/usart.o
 .debug_aranges
                0x0000000000000248       0xb0 ./Drivers/STM32F3xx_HAL_Driver/Src/stm32f3xx_hal.o
 .debug_aranges
                0x00000000000002f8       0xc8 ./Drivers/STM32F3xx_HAL_Driver/Src/stm32f3xx_hal_adc.o
 .debug_aranges
                0x00000000000003c0      0x168 ./Drivers/STM32F3xx_HAL_Driver/Src/stm32f3xx_hal_adc_ex.o
 .debug_aranges
                0x0000000000000528      0x108 ./Drivers/STM32F3xx_HAL_Driver/Src/stm32f3xx_hal_cortex.o
 .debug_aranges
                0x0000000000000630       0x68 ./Drivers/STM32F3xx_HAL_Driver/Src/stm32f3xx_hal_dma.o
 .debug_aranges
                0x0000000000000698       0x58 ./Drivers/STM32F3xx_HAL_Driver/Src/stm32f3xx_hal_gpio.o
 .debug_aranges
                0x00000000000006f0       0x68 ./Drivers/STM32F3xx_HAL_Driver/Src/stm32f3xx_hal_opamp.o
 .debug_aranges
                0x0000000000000758       0x78 ./Drivers/STM32F3xx_HAL_Driver/Src/stm32f3xx_hal_pwr.o
 .debug_aranges
                0x00000000000007d0       0x88 ./Drivers/STM32F3xx_HAL_Driver/Src/stm32f3xx_hal_rcc.o
 .debug_aranges
                0x0000000000000858       0x38 ./Drivers/STM32F3xx_HAL_Driver/Src/stm32f3xx_hal_rcc_ex.o
 .debug_aranges
                0x0000000000000890      0x1b8 ./Drivers/STM32F3xx_HAL_Driver/Src/stm32f3xx_hal_spi.o
 .debug_aranges
                0x0000000000000a48      0x368 ./Drivers/STM32F3xx_HAL_Driver/Src/stm32f3xx_hal_tim.o
 .debug_aranges
                0x0000000000000db0      0x170 ./Drivers/STM32F3xx_HAL_Driver/Src/stm32f3xx_hal_tim_ex.o
 .debug_aranges
                0x0000000000000f20      0x170 ./Drivers/STM32F3xx_HAL_Driver/Src/stm32f3xx_hal_uart.o
 .debug_aranges
                0x0000000000001090       0x48 ./Drivers/STM32F3xx_HAL_Driver/Src/stm32f3xx_hal_uart_ex.o

.debug_ranges   0x0000000000000000      0xf30
 .debug_ranges  0x0000000000000000       0x28 ./Src/adc.o
 .debug_ranges  0x0000000000000028       0x10 ./Src/dma.o
 .debug_ranges  0x0000000000000038       0x10 ./Src/gpio.o
 .debug_ranges  0x0000000000000048       0x38 ./Src/main.o
 .debug_ranges  0x0000000000000080       0x38 ./Src/opamp.o
 .debug_ranges  0x00000000000000b8       0x20 ./Src/spi.o
 .debug_ranges  0x00000000000000d8       0x20 ./Src/startup_stm32f303xc.o
 .debug_ranges  0x00000000000000f8       0x10 ./Src/stm32f3xx_hal_msp.o
 .debug_ranges  0x0000000000000108       0x30 ./Src/stm32f3xx_it.o
 .debug_ranges  0x0000000000000138       0x18 ./Src/system_stm32f3xx.o
 .debug_ranges  0x0000000000000150       0x20 ./Src/tim.o
 .debug_ranges  0x0000000000000170       0x20 ./Src/usart.o
 .debug_ranges  0x0000000000000190       0xa0 ./Drivers/STM32F3xx_HAL_Driver/Src/stm32f3xx_hal.o
 .debug_ranges  0x0000000000000230       0xb8 ./Drivers/STM32F3xx_HAL_Driver/Src/stm32f3xx_hal_adc.o
 .debug_ranges  0x00000000000002e8      0x158 ./Drivers/STM32F3xx_HAL_Driver/Src/stm32f3xx_hal_adc_ex.o
 .debug_ranges  0x0000000000000440       0xf8 ./Drivers/STM32F3xx_HAL_Driver/Src/stm32f3xx_hal_cortex.o
 .debug_ranges  0x0000000000000538       0x58 ./Drivers/STM32F3xx_HAL_Driver/Src/stm32f3xx_hal_dma.o
 .debug_ranges  0x0000000000000590       0x48 ./Drivers/STM32F3xx_HAL_Driver/Src/stm32f3xx_hal_gpio.o
 .debug_ranges  0x00000000000005d8       0x58 ./Drivers/STM32F3xx_HAL_Driver/Src/stm32f3xx_hal_opamp.o
 .debug_ranges  0x0000000000000630       0x68 ./Drivers/STM32F3xx_HAL_Driver/Src/stm32f3xx_hal_pwr.o
 .debug_ranges  0x0000000000000698       0x78 ./Drivers/STM32F3xx_HAL_Driver/Src/stm32f3xx_hal_rcc.o
 .debug_ranges  0x0000000000000710       0x28 ./Drivers/STM32F3xx_HAL_Driver/Src/stm32f3xx_hal_rcc_ex.o
 .debug_ranges  0x0000000000000738      0x1a8 ./Drivers/STM32F3xx_HAL_Driver/Src/stm32f3xx_hal_spi.o
 .debug_ranges  0x00000000000008e0      0x358 ./Drivers/STM32F3xx_HAL_Driver/Src/stm32f3xx_hal_tim.o
 .debug_ranges  0x0000000000000c38      0x160 ./Drivers/STM32F3xx_HAL_Driver/Src/stm32f3xx_hal_tim_ex.o
 .debug_ranges  0x0000000000000d98      0x160 ./Drivers/STM32F3xx_HAL_Driver/Src/stm32f3xx_hal_uart.o
 .debug_ranges  0x0000000000000ef8       0x38 ./Drivers/STM32F3xx_HAL_Driver/Src/stm32f3xx_hal_uart_ex.o

.debug_macro    0x0000000000000000    0x1686d
 .debug_macro   0x0000000000000000      0x30b ./Src/adc.o
 .debug_macro   0x000000000000030b      0x880 ./Src/adc.o
 .debug_macro   0x0000000000000b8b       0xaa ./Src/adc.o
 .debug_macro   0x0000000000000c35       0x30 ./Src/adc.o
 .debug_macro   0x0000000000000c65       0x28 ./Src/adc.o
 .debug_macro   0x0000000000000c8d       0x3b ./Src/adc.o
 .debug_macro   0x0000000000000cc8       0x22 ./Src/adc.o
 .debug_macro   0x0000000000000cea       0x44 ./Src/adc.o
 .debug_macro   0x0000000000000d2e       0xfd ./Src/adc.o
 .debug_macro   0x0000000000000e2b       0x22 ./Src/adc.o
 .debug_macro   0x0000000000000e4d      0x1df ./Src/adc.o
 .debug_macro   0x000000000000102c       0x34 ./Src/adc.o
 .debug_macro   0x0000000000001060       0x26 ./Src/adc.o
 .debug_macro   0x0000000000001086      0xe43 ./Src/adc.o
 .debug_macro   0x0000000000001ec9     0x8367 ./Src/adc.o
 .debug_macro   0x000000000000a230       0x43 ./Src/adc.o
 .debug_macro   0x000000000000a273     0x3203 ./Src/adc.o
 .debug_macro   0x000000000000d476       0x58 ./Src/adc.o
 .debug_macro   0x000000000000d4ce       0x35 ./Src/adc.o
 .debug_macro   0x000000000000d503       0x9c ./Src/adc.o
 .debug_macro   0x000000000000d59f       0x16 ./Src/adc.o
 .debug_macro   0x000000000000d5b5       0x97 ./Src/adc.o
 .debug_macro   0x000000000000d64c      0x34c ./Src/adc.o
 .debug_macro   0x000000000000d998       0xf6 ./Src/adc.o
 .debug_macro   0x000000000000da8e       0x10 ./Src/adc.o
 .debug_macro   0x000000000000da9e       0x52 ./Src/adc.o
 .debug_macro   0x000000000000daf0       0x16 ./Src/adc.o
 .debug_macro   0x000000000000db06       0x43 ./Src/adc.o
 .debug_macro   0x000000000000db49      0x187 ./Src/adc.o
 .debug_macro   0x000000000000dcd0       0x10 ./Src/adc.o
 .debug_macro   0x000000000000dce0       0x22 ./Src/adc.o
 .debug_macro   0x000000000000dd02       0x3a ./Src/adc.o
 .debug_macro   0x000000000000dd3c       0x10 ./Src/adc.o
 .debug_macro   0x000000000000dd4c       0x40 ./Src/adc.o
 .debug_macro   0x000000000000dd8c       0x65 ./Src/adc.o
 .debug_macro   0x000000000000ddf1       0x16 ./Src/adc.o
 .debug_macro   0x000000000000de07      0x166 ./Src/adc.o
 .debug_macro   0x000000000000df6d       0x49 ./Src/adc.o
 .debug_macro   0x000000000000dfb6      0x971 ./Src/adc.o
 .debug_macro   0x000000000000e927      0x5fe ./Src/adc.o
 .debug_macro   0x000000000000ef25      0x13a ./Src/adc.o
 .debug_macro   0x000000000000f05f      0x1fb ./Src/adc.o
 .debug_macro   0x000000000000f25a      0x1a7 ./Src/adc.o
 .debug_macro   0x000000000000f401       0x2a ./Src/adc.o
 .debug_macro   0x000000000000f42b       0x3c ./Src/adc.o
 .debug_macro   0x000000000000f467      0x23a ./Src/adc.o
 .debug_macro   0x000000000000f6a1      0xa52 ./Src/adc.o
 .debug_macro   0x00000000000100f3       0x77 ./Src/adc.o
 .debug_macro   0x000000000001016a       0xcb ./Src/adc.o
 .debug_macro   0x0000000000010235      0x22b ./Src/adc.o
 .debug_macro   0x0000000000010460      0x17d ./Src/adc.o
 .debug_macro   0x00000000000105dd       0xd6 ./Src/adc.o
 .debug_macro   0x00000000000106b3       0xd4 ./Src/adc.o
 .debug_macro   0x0000000000010787      0x2e2 ./Src/adc.o
 .debug_macro   0x0000000000010a69      0x685 ./Src/adc.o
 .debug_macro   0x00000000000110ee      0x37c ./Src/adc.o
 .debug_macro   0x000000000001146a      0x558 ./Src/adc.o
 .debug_macro   0x00000000000119c2       0x2b ./Src/adc.o
 .debug_macro   0x00000000000119ed      0x26e ./Src/adc.o
 .debug_macro   0x0000000000011c5b      0x301 ./Src/dma.o
 .debug_macro   0x0000000000011f5c      0x301 ./Src/gpio.o
 .debug_macro   0x000000000001225d      0x35a ./Src/main.o
 .debug_macro   0x00000000000125b7       0x16 ./Src/main.o
 .debug_macro   0x00000000000125cd       0x35 ./Src/main.o
 .debug_macro   0x0000000000012602      0x30b ./Src/opamp.o
 .debug_macro   0x000000000001290d      0x30b ./Src/spi.o
 .debug_macro   0x0000000000012c18      0x2f7 ./Src/stm32f3xx_hal_msp.o
 .debug_macro   0x0000000000012f0f      0x301 ./Src/stm32f3xx_it.o
 .debug_macro   0x0000000000013210      0x2fd ./Src/system_stm32f3xx.o
 .debug_macro   0x000000000001350d      0x301 ./Src/tim.o
 .debug_macro   0x000000000001380e      0x315 ./Src/usart.o
 .debug_macro   0x0000000000013b23      0x31b ./Drivers/STM32F3xx_HAL_Driver/Src/stm32f3xx_hal.o
 .debug_macro   0x0000000000013e3e      0x2f8 ./Drivers/STM32F3xx_HAL_Driver/Src/stm32f3xx_hal_adc.o
 .debug_macro   0x0000000000014136      0x321 ./Drivers/STM32F3xx_HAL_Driver/Src/stm32f3xx_hal_adc_ex.o
 .debug_macro   0x0000000000014457      0x2f7 ./Drivers/STM32F3xx_HAL_Driver/Src/stm32f3xx_hal_cortex.o
 .debug_macro   0x000000000001474e      0x2fd ./Drivers/STM32F3xx_HAL_Driver/Src/stm32f3xx_hal_dma.o
 .debug_macro   0x0000000000014a4b      0x32f ./Drivers/STM32F3xx_HAL_Driver/Src/stm32f3xx_hal_gpio.o
 .debug_macro   0x0000000000014d7a      0x2ff ./Drivers/STM32F3xx_HAL_Driver/Src/stm32f3xx_hal_opamp.o
 .debug_macro   0x0000000000015079      0x2f7 ./Drivers/STM32F3xx_HAL_Driver/Src/stm32f3xx_hal_pwr.o
 .debug_macro   0x0000000000015370      0x309 ./Drivers/STM32F3xx_HAL_Driver/Src/stm32f3xx_hal_rcc.o
 .debug_macro   0x0000000000015679      0x2f7 ./Drivers/STM32F3xx_HAL_Driver/Src/stm32f3xx_hal_rcc_ex.o
 .debug_macro   0x0000000000015970      0x2fe ./Drivers/STM32F3xx_HAL_Driver/Src/stm32f3xx_hal_spi.o
 .debug_macro   0x0000000000015c6e      0x2f8 ./Drivers/STM32F3xx_HAL_Driver/Src/stm32f3xx_hal_tim.o
 .debug_macro   0x0000000000015f66      0x303 ./Drivers/STM32F3xx_HAL_Driver/Src/stm32f3xx_hal_tim_ex.o
 .debug_macro   0x0000000000016269      0x30d ./Drivers/STM32F3xx_HAL_Driver/Src/stm32f3xx_hal_uart.o
 .debug_macro   0x0000000000016576      0x2f7 ./Drivers/STM32F3xx_HAL_Driver/Src/stm32f3xx_hal_uart_ex.o

.debug_line     0x0000000000000000    0x11c5a
 .debug_line    0x0000000000000000      0x74f ./Src/adc.o
 .debug_line    0x000000000000074f      0x6c8 ./Src/dma.o
 .debug_line    0x0000000000000e17      0x6cc ./Src/gpio.o
 .debug_line    0x00000000000014e3      0x7c4 ./Src/main.o
 .debug_line    0x0000000000001ca7      0x789 ./Src/opamp.o
 .debug_line    0x0000000000002430      0x706 ./Src/spi.o
 .debug_line    0x0000000000002b36       0x7b ./Src/startup_stm32f303xc.o
 .debug_line    0x0000000000002bb1      0x6c8 ./Src/stm32f3xx_hal_msp.o
 .debug_line    0x0000000000003279      0x71c ./Src/stm32f3xx_it.o
 .debug_line    0x0000000000003995      0x6f7 ./Src/system_stm32f3xx.o
 .debug_line    0x000000000000408c      0x6f1 ./Src/tim.o
 .debug_line    0x000000000000477d      0x71d ./Src/usart.o
 .debug_line    0x0000000000004e9a      0x837 ./Drivers/STM32F3xx_HAL_Driver/Src/stm32f3xx_hal.o
 .debug_line    0x00000000000056d1      0x857 ./Drivers/STM32F3xx_HAL_Driver/Src/stm32f3xx_hal_adc.o
 .debug_line    0x0000000000005f28     0x196d ./Drivers/STM32F3xx_HAL_Driver/Src/stm32f3xx_hal_adc_ex.o
 .debug_line    0x0000000000007895      0x9b3 ./Drivers/STM32F3xx_HAL_Driver/Src/stm32f3xx_hal_cortex.o
 .debug_line    0x0000000000008248     0x15bd ./Drivers/STM32F3xx_HAL_Driver/Src/stm32f3xx_hal_dma.o
 .debug_line    0x0000000000009805      0x866 ./Drivers/STM32F3xx_HAL_Driver/Src/stm32f3xx_hal_gpio.o
 .debug_line    0x000000000000a06b      0x84e ./Drivers/STM32F3xx_HAL_Driver/Src/stm32f3xx_hal_opamp.o
 .debug_line    0x000000000000a8b9      0x806 ./Drivers/STM32F3xx_HAL_Driver/Src/stm32f3xx_hal_pwr.o
 .debug_line    0x000000000000b0bf     0x1419 ./Drivers/STM32F3xx_HAL_Driver/Src/stm32f3xx_hal_rcc.o
 .debug_line    0x000000000000c4d8      0x9c4 ./Drivers/STM32F3xx_HAL_Driver/Src/stm32f3xx_hal_rcc_ex.o
 .debug_line    0x000000000000ce9c     0x1010 ./Drivers/STM32F3xx_HAL_Driver/Src/stm32f3xx_hal_spi.o
 .debug_line    0x000000000000deac     0x1940 ./Drivers/STM32F3xx_HAL_Driver/Src/stm32f3xx_hal_tim.o
 .debug_line    0x000000000000f7ec      0xdec ./Drivers/STM32F3xx_HAL_Driver/Src/stm32f3xx_hal_tim_ex.o
 .debug_line    0x00000000000105d8      0xeb5 ./Drivers/STM32F3xx_HAL_Driver/Src/stm32f3xx_hal_uart.o
 .debug_line    0x000000000001148d      0x7cd ./Drivers/STM32F3xx_HAL_Driver/Src/stm32f3xx_hal_uart_ex.o

.debug_str      0x0000000000000000    0x82eb3
 .debug_str     0x0000000000000000    0x7e639 ./Src/adc.o
                                      0x7e992 (size before relaxing)
 .debug_str     0x000000000007e639      0x32e ./Src/dma.o
                                      0x7e8eb (size before relaxing)
 .debug_str     0x000000000007e967       0xb4 ./Src/gpio.o
                                      0x7e568 (size before relaxing)
 .debug_str     0x000000000007ea1b      0x981 ./Src/main.o
                                      0x7f6d8 (size before relaxing)
 .debug_str     0x000000000007f39c       0x88 ./Src/opamp.o
                                      0x7e764 (size before relaxing)
 .debug_str     0x000000000007f424      0x1c6 ./Src/spi.o
                                      0x7e936 (size before relaxing)
 .debug_str     0x000000000007f5ea       0x27 ./Src/stm32f3xx_hal_msp.o
                                      0x7e8f0 (size before relaxing)
 .debug_str     0x000000000007f611       0xa4 ./Src/stm32f3xx_it.o
                                      0x7e968 (size before relaxing)
 .debug_str     0x000000000007f6b5       0xd2 ./Src/system_stm32f3xx.o
                                      0x7e59b (size before relaxing)
 .debug_str     0x000000000007f787       0xf3 ./Src/tim.o
                                      0x7e961 (size before relaxing)
 .debug_str     0x000000000007f87a       0x47 ./Src/usart.o
                                      0x7ee0f (size before relaxing)
 .debug_str     0x000000000007f8c1      0x2a5 ./Drivers/STM32F3xx_HAL_Driver/Src/stm32f3xx_hal.o
                                      0x7ec7d (size before relaxing)
 .debug_str     0x000000000007fb66      0x1f4 ./Drivers/STM32F3xx_HAL_Driver/Src/stm32f3xx_hal_adc.o
                                      0x7eb56 (size before relaxing)
 .debug_str     0x000000000007fd5a      0x737 ./Drivers/STM32F3xx_HAL_Driver/Src/stm32f3xx_hal_adc_ex.o
                                      0x7f1f3 (size before relaxing)
 .debug_str     0x0000000000080491      0x361 ./Drivers/STM32F3xx_HAL_Driver/Src/stm32f3xx_hal_cortex.o
                                      0x7edc8 (size before relaxing)
 .debug_str     0x00000000000807f2      0x16f ./Drivers/STM32F3xx_HAL_Driver/Src/stm32f3xx_hal_dma.o
                                      0x7e7da (size before relaxing)
 .debug_str     0x0000000000080961      0x273 ./Drivers/STM32F3xx_HAL_Driver/Src/stm32f3xx_hal_gpio.o
                                      0x7e810 (size before relaxing)
 .debug_str     0x0000000000080bd4      0x16a ./Drivers/STM32F3xx_HAL_Driver/Src/stm32f3xx_hal_opamp.o
                                      0x7e857 (size before relaxing)
 .debug_str     0x0000000000080d3e      0x1ad ./Drivers/STM32F3xx_HAL_Driver/Src/stm32f3xx_hal_pwr.o
                                      0x7e6d8 (size before relaxing)
 .debug_str     0x0000000000080eeb      0x220 ./Drivers/STM32F3xx_HAL_Driver/Src/stm32f3xx_hal_rcc.o
                                      0x7e926 (size before relaxing)
 .debug_str     0x000000000008110b       0xd8 ./Drivers/STM32F3xx_HAL_Driver/Src/stm32f3xx_hal_rcc_ex.o
                                      0x7e797 (size before relaxing)
 .debug_str     0x00000000000811e3      0x4a3 ./Drivers/STM32F3xx_HAL_Driver/Src/stm32f3xx_hal_spi.o
                                      0x7ed5e (size before relaxing)
 .debug_str     0x0000000000081686      0xc56 ./Drivers/STM32F3xx_HAL_Driver/Src/stm32f3xx_hal_tim.o
                                      0x7f599 (size before relaxing)
 .debug_str     0x00000000000822dc      0x587 ./Drivers/STM32F3xx_HAL_Driver/Src/stm32f3xx_hal_tim_ex.o
                                      0x7eff9 (size before relaxing)
 .debug_str     0x0000000000082863      0x563 ./Drivers/STM32F3xx_HAL_Driver/Src/stm32f3xx_hal_uart.o
                                      0x7ef3d (size before relaxing)
 .debug_str     0x0000000000082dc6       0xed ./Drivers/STM32F3xx_HAL_Driver/Src/stm32f3xx_hal_uart_ex.o
                                      0x7ea4e (size before relaxing)

.comment        0x0000000000000000       0x6e
 .comment       0x0000000000000000       0x6e ./Src/adc.o
                                         0x6f (size before relaxing)
 .comment       0x000000000000006e       0x6f ./Src/dma.o
 .comment       0x000000000000006e       0x6f ./Src/gpio.o
 .comment       0x000000000000006e       0x6f ./Src/main.o
 .comment       0x000000000000006e       0x6f ./Src/opamp.o
 .comment       0x000000000000006e       0x6f ./Src/spi.o
 .comment       0x000000000000006e       0x6f ./Src/stm32f3xx_hal_msp.o
 .comment       0x000000000000006e       0x6f ./Src/stm32f3xx_it.o
 .comment       0x000000000000006e       0x6f ./Src/system_stm32f3xx.o
 .comment       0x000000000000006e       0x6f ./Src/tim.o
 .comment       0x000000000000006e       0x6f ./Src/usart.o
 .comment       0x000000000000006e       0x6f ./Drivers/STM32F3xx_HAL_Driver/Src/stm32f3xx_hal.o
 .comment       0x000000000000006e       0x6f ./Drivers/STM32F3xx_HAL_Driver/Src/stm32f3xx_hal_adc.o
 .comment       0x000000000000006e       0x6f ./Drivers/STM32F3xx_HAL_Driver/Src/stm32f3xx_hal_adc_ex.o
 .comment       0x000000000000006e       0x6f ./Drivers/STM32F3xx_HAL_Driver/Src/stm32f3xx_hal_cortex.o
 .comment       0x000000000000006e       0x6f ./Drivers/STM32F3xx_HAL_Driver/Src/stm32f3xx_hal_dma.o
 .comment       0x000000000000006e       0x6f ./Drivers/STM32F3xx_HAL_Driver/Src/stm32f3xx_hal_gpio.o
 .comment       0x000000000000006e       0x6f ./Drivers/STM32F3xx_HAL_Driver/Src/stm32f3xx_hal_opamp.o
 .comment       0x000000000000006e       0x6f ./Drivers/STM32F3xx_HAL_Driver/Src/stm32f3xx_hal_pwr.o
 .comment       0x000000000000006e       0x6f ./Drivers/STM32F3xx_HAL_Driver/Src/stm32f3xx_hal_rcc.o
 .comment       0x000000000000006e       0x6f ./Drivers/STM32F3xx_HAL_Driver/Src/stm32f3xx_hal_rcc_ex.o
 .comment       0x000000000000006e       0x6f ./Drivers/STM32F3xx_HAL_Driver/Src/stm32f3xx_hal_spi.o
 .comment       0x000000000000006e       0x6f ./Drivers/STM32F3xx_HAL_Driver/Src/stm32f3xx_hal_tim.o
 .comment       0x000000000000006e       0x6f ./Drivers/STM32F3xx_HAL_Driver/Src/stm32f3xx_hal_tim_ex.o
 .comment       0x000000000000006e       0x6f ./Drivers/STM32F3xx_HAL_Driver/Src/stm32f3xx_hal_uart.o
 .comment       0x000000000000006e       0x6f ./Drivers/STM32F3xx_HAL_Driver/Src/stm32f3xx_hal_uart_ex.o

.debug_frame    0x0000000000000000     0x4424
 .debug_frame   0x0000000000000000       0xa0 ./Src/adc.o
 .debug_frame   0x00000000000000a0       0x34 ./Src/dma.o
 .debug_frame   0x00000000000000d4       0x34 ./Src/gpio.o
 .debug_frame   0x0000000000000108       0xf4 ./Src/main.o
 .debug_frame   0x00000000000001fc       0xc8 ./Src/opamp.o
 .debug_frame   0x00000000000002c4       0x74 ./Src/spi.o
 .debug_frame   0x0000000000000338       0x34 ./Src/stm32f3xx_hal_msp.o
 .debug_frame   0x000000000000036c       0x9c ./Src/stm32f3xx_it.o
 .debug_frame   0x0000000000000408       0x58 ./Src/system_stm32f3xx.o
 .debug_frame   0x0000000000000460       0x84 ./Src/tim.o
 .debug_frame   0x00000000000004e4       0x74 ./Src/usart.o
 .debug_frame   0x0000000000000558      0x270 ./Drivers/STM32F3xx_HAL_Driver/Src/stm32f3xx_hal.o
 .debug_frame   0x00000000000007c8      0x380 ./Drivers/STM32F3xx_HAL_Driver/Src/stm32f3xx_hal_adc.o
 .debug_frame   0x0000000000000b48      0x64c ./Drivers/STM32F3xx_HAL_Driver/Src/stm32f3xx_hal_adc_ex.o
 .debug_frame   0x0000000000001194      0x450 ./Drivers/STM32F3xx_HAL_Driver/Src/stm32f3xx_hal_cortex.o
 .debug_frame   0x00000000000015e4      0x194 ./Drivers/STM32F3xx_HAL_Driver/Src/stm32f3xx_hal_dma.o
 .debug_frame   0x0000000000001778      0x14c ./Drivers/STM32F3xx_HAL_Driver/Src/stm32f3xx_hal_gpio.o
 .debug_frame   0x00000000000018c4      0x198 ./Drivers/STM32F3xx_HAL_Driver/Src/stm32f3xx_hal_opamp.o
 .debug_frame   0x0000000000001a5c      0x1b0 ./Drivers/STM32F3xx_HAL_Driver/Src/stm32f3xx_hal_pwr.o
 .debug_frame   0x0000000000001c0c      0x214 ./Drivers/STM32F3xx_HAL_Driver/Src/stm32f3xx_hal_rcc.o
 .debug_frame   0x0000000000001e20       0xb4 ./Drivers/STM32F3xx_HAL_Driver/Src/stm32f3xx_hal_rcc_ex.o
 .debug_frame   0x0000000000001ed4      0x7ac ./Drivers/STM32F3xx_HAL_Driver/Src/stm32f3xx_hal_spi.o
 .debug_frame   0x0000000000002680      0xfb4 ./Drivers/STM32F3xx_HAL_Driver/Src/stm32f3xx_hal_tim.o
 .debug_frame   0x0000000000003634      0x660 ./Drivers/STM32F3xx_HAL_Driver/Src/stm32f3xx_hal_tim_ex.o
 .debug_frame   0x0000000000003c94      0x670 ./Drivers/STM32F3xx_HAL_Driver/Src/stm32f3xx_hal_uart.o
 .debug_frame   0x0000000000004304       0xf4 ./Drivers/STM32F3xx_HAL_Driver/Src/stm32f3xx_hal_uart_ex.o
 .debug_frame   0x00000000000043f8       0x2c /opt/gcc-arm-none-eabi/bin/../lib/gcc/arm-none-eabi/5.2.1/../../../../arm-none-eabi/lib/armv7e-m/libg_nano.a(lib_a-init.o)
